// Jest Snapshot v1, https://goo.gl/fbAQLP

exports[`CharacterList should render without crashing 1`] = `
<div>
  <div
    class="MuiPaper-root MuiPaper-elevation MuiPaper-rounded MuiPaper-elevation1 MuiTableContainer-root css-y2ff7i-MuiPaper-root-MuiTableContainer-root"
    style="--Paper-shadow: 0px 2px 1px -1px rgba(0,0,0,0.2),0px 1px 1px 0px rgba(0,0,0,0.14),0px 1px 3px 0px rgba(0,0,0,0.12);"
  >
    <table
      class="MuiTable-root css-1xwxv7r-MuiTable-root"
    >
      <thead
        class="MuiTableHead-root css-1a7iywq-MuiTableHead-root"
      >
        <tr
          class="MuiTableRow-root MuiTableRow-head css-1xtozoh-MuiTableRow-root"
        >
          <th
            class="MuiTableCell-root MuiTableCell-head MuiTableCell-sizeMedium css-1orzuox-MuiTableCell-root"
            scope="col"
          />
          <th
            class="MuiTableCell-root MuiTableCell-head MuiTableCell-sizeMedium css-1orzuox-MuiTableCell-root"
            scope="col"
          >
            Name
          </th>
          <th
            class="MuiTableCell-root MuiTableCell-head MuiTableCell-sizeMedium css-1orzuox-MuiTableCell-root"
            scope="col"
          >
            Gender
          </th>
          <th
            class="MuiTableCell-root MuiTableCell-head MuiTableCell-sizeMedium css-1orzuox-MuiTableCell-root"
            scope="col"
          >
            Home planet
          </th>
          <th
            class="MuiTableCell-root MuiTableCell-head MuiTableCell-sizeMedium css-1orzuox-MuiTableCell-root"
            scope="col"
          />
        </tr>
      </thead>
      <tbody
        class="MuiTableBody-root css-gmh7jj-MuiTableBody-root"
      >
        <tr
          class="MuiTableRow-root css-1xtozoh-MuiTableRow-root"
        >
          <td
            class="MuiTableCell-root MuiTableCell-body MuiTableCell-sizeMedium css-1dc80h3-MuiTableCell-root"
            colspan="4"
          >
            No Records Found
          </td>
        </tr>
      </tbody>
    </table>
  </div>
</div>
`;
